../Core/Src/icm42688p.c:5:13:CS_Low	8	static
../Core/Src/icm42688p.c:8:13:CS_High	8	static
../Core/Src/icm42688p.c:11:16:SPI_RW	32	static
../Core/Src/icm42688p.c:16:13:WriteReg	16	static
../Core/Src/icm42688p.c:22:16:ReadReg	24	static
../Core/Src/icm42688p.c:29:13:ReadMulti	40	static
../Core/Src/icm42688p.c:37:13:SelectBank	16	static
../Core/Src/icm42688p.c:42:6:ICM42688P_DeviceReset	16	static
../Core/Src/icm42688p.c:48:6:ICM42688P_Init	24	static
../Core/Src/icm42688p.c:81:6:ICM42688P_ReadData	48	static
